[debug] [2025-12-24T11:23:47.683Z] [Firebase Plugin] Activating Firebase extension.
[info] [Firebase Plugin] Checked firebase-tools, is up to date!
[debug] [2025-12-24T11:23:51.074Z] [Firebase Plugin] requireAuthWrapper
[debug] [2025-12-24T11:23:51.075Z] > command requires scopes: ["email","openid","https://www.googleapis.com/auth/cloudplatformprojects.readonly","https://www.googleapis.com/auth/firebase","https://www.googleapis.com/auth/cloud-platform"]
[debug] [2025-12-24T11:23:51.076Z] > authorizing via signed-in user (stewydundas@gmail.com)
[debug] [2025-12-24T11:23:51.079Z] Checked if tokens are valid: false, expires at: 1766535999602
[debug] [2025-12-24T11:23:51.079Z] Checked if tokens are valid: false, expires at: 1766535999602
[debug] [2025-12-24T11:23:51.080Z] > refreshing access token with scopes: []
[debug] [2025-12-24T11:23:51.082Z] >>> [apiv2][query] POST https://www.googleapis.com/oauth2/v3/token [none]
[debug] [2025-12-24T11:23:51.082Z] >>> [apiv2][body] POST https://www.googleapis.com/oauth2/v3/token [omitted]
[debug] [2025-12-24T11:23:51.090Z] [Firebase Plugin] VSCode notification server listening on port 40001
[info] [Firebase Plugin] Starting Data Connect toolkit (version 3.0.0) on port 50001
[debug] [2025-12-24T11:23:51.626Z] 'fdc build' failed with error: Unable to build your Data Connect schema and connectors (exit code 1): E1224 06:23:51.622963   51689 cmd.go:43] Error loading data connect config: could not find dataconnect.yaml in `/Users/stuart/Development Projects/Atlas_reports/dataconnect`
 {"metadata":{"emulator":{"name":"dataconnect"},"message":"'fdc build' failed with error: Unable to build your Data Connect schema and connectors (exit code 1): E1224 06:23:51.622963   51689 cmd.go:43] Error loading data connect config: could not find dataconnect.yaml in `/Users/stuart/Development Projects/Atlas_reports/dataconnect`\n"}}
[debug] [2025-12-24T11:23:51.627Z] Ignoring unsupported arg: auto_download {"metadata":{"emulator":{"name":"dataconnect"},"message":"Ignoring unsupported arg: auto_download"}}
[debug] [2025-12-24T11:23:51.628Z] Ignoring unsupported arg: port {"metadata":{"emulator":{"name":"dataconnect"},"message":"Ignoring unsupported arg: port"}}
[debug] [2025-12-24T11:23:51.629Z] Starting Data Connect Emulator with command {"binary":"/Users/stuart/.cache/firebase/emulators/dataconnect-emulator-3.0.0","args":["--logtostderr","-v=2","dev","--listen=localhost:50001","--config_dir=/Users/stuart/Development Projects/Atlas_reports/dataconnect","--enable_output_schema_extensions=true","--enable_output_generated_sdk=true"],"optionalArgs":["listen","config_dir","enable_output_schema_extensions","enable_output_generated_sdk"],"joinArgs":true,"shell":false,"port":9399} {"metadata":{"emulator":{"name":"dataconnect"},"message":"Starting Data Connect Emulator with command {\"binary\":\"/Users/stuart/.cache/firebase/emulators/dataconnect-emulator-3.0.0\",\"args\":[\"--logtostderr\",\"-v=2\",\"dev\",\"--listen=localhost:50001\",\"--config_dir=/Users/stuart/Development Projects/Atlas_reports/dataconnect\",\"--enable_output_schema_extensions=true\",\"--enable_output_generated_sdk=true\"],\"optionalArgs\":[\"listen\",\"config_dir\",\"enable_output_schema_extensions\",\"enable_output_generated_sdk\"],\"joinArgs\":true,\"shell\":false,\"port\":9399}"}}
[info] i  dataconnect: Data Connect Emulator logging to dataconnect-debug.log {"metadata":{"emulator":{"name":"dataconnect"},"message":"Data Connect Emulator logging to dataconnect-debug.log"}}
[debug] [2025-12-24T11:23:51.671Z] E1224 06:23:51.670428   51690 dev.go:83] Failed to load initial config from "/Users/stuart/Development Projects/Atlas_reports/dataconnect": could not find dataconnect.yaml in `/Users/stuart/Development Projects/Atlas_reports/dataconnect`
 {"metadata":{"emulator":{"name":"dataconnect"},"message":"E1224 06:23:51.670428   51690 dev.go:83] Failed to load initial config from \"/Users/stuart/Development Projects/Atlas_reports/dataconnect\": could not find dataconnect.yaml in `/Users/stuart/Development Projects/Atlas_reports/dataconnect`\n"}}
[debug] [2025-12-24T11:23:51.673Z] E1224 06:23:51.673011   51690 watch.go:116] watchAllDir unable to walk dir `/Users/stuart/Development Projects/Atlas_reports/dataconnect`: lstat /Users/stuart/Development Projects/Atlas_reports/dataconnect: no such file or directory
 {"metadata":{"emulator":{"name":"dataconnect"},"message":"E1224 06:23:51.673011   51690 watch.go:116] watchAllDir unable to walk dir `/Users/stuart/Development Projects/Atlas_reports/dataconnect`: lstat /Users/stuart/Development Projects/Atlas_reports/dataconnect: no such file or directory\n"}}
[debug] [2025-12-24T11:23:51.677Z] I1224 06:23:51.677043   51690 dev.go:104] Listening on address (HTTP + gRPC): 127.0.0.1:50001
 {"metadata":{"emulator":{"name":"dataconnect"},"message":"I1224 06:23:51.677043   51690 dev.go:104] Listening on address (HTTP + gRPC): 127.0.0.1:50001\n"}}
[debug] [2025-12-24T11:23:51.877Z] <<< [apiv2][status] POST https://www.googleapis.com/oauth2/v3/token 200
[debug] [2025-12-24T11:23:51.878Z] <<< [apiv2][body] POST https://www.googleapis.com/oauth2/v3/token [omitted]
[debug] [2025-12-24T11:23:52.015Z] [Firebase Plugin] User found:  stewydundas@gmail.com
[info] [Firebase Plugin] (Core:Project) New user detected, fetching projects
[debug] [2025-12-24T11:23:52.016Z] Checked if tokens are valid: true, expires at: 1766579030878
[debug] [2025-12-24T11:23:52.016Z] >>> [apiv2][query] GET https://firebase.googleapis.com/v1beta1/projects pageSize=1000
[error] [Firebase Plugin] error:  {}
[debug] [2025-12-24T11:23:52.575Z] <<< [apiv2][status] GET https://firebase.googleapis.com/v1beta1/projects 200
[debug] [2025-12-24T11:23:52.575Z] <<< [apiv2][body] GET https://firebase.googleapis.com/v1beta1/projects [omitted]
[debug] [2025-12-24T11:24:01.676Z] E1224 06:24:01.676136   51690 watch.go:40] Failed to load config from "/Users/stuart/Development Projects/Atlas_reports/dataconnect": could not find dataconnect.yaml in `/Users/stuart/Development Projects/Atlas_reports/dataconnect`
 {"metadata":{"emulator":{"name":"dataconnect"},"message":"E1224 06:24:01.676136   51690 watch.go:40] Failed to load config from \"/Users/stuart/Development Projects/Atlas_reports/dataconnect\": could not find dataconnect.yaml in `/Users/stuart/Development Projects/Atlas_reports/dataconnect`\n"}}
[debug] [2025-12-24T11:24:11.673Z] E1224 06:24:11.673452   51690 watch.go:40] Failed to load config from "/Users/stuart/Development Projects/Atlas_reports/dataconnect": could not find dataconnect.yaml in `/Users/stuart/Development Projects/Atlas_reports/dataconnect`
 {"metadata":{"emulator":{"name":"dataconnect"},"message":"E1224 06:24:11.673452   51690 watch.go:40] Failed to load config from \"/Users/stuart/Development Projects/Atlas_reports/dataconnect\": could not find dataconnect.yaml in `/Users/stuart/Development Projects/Atlas_reports/dataconnect`\n"}}
[debug] [2025-12-24T11:24:21.673Z] E1224 06:24:21.673425   51690 watch.go:40] Failed to load config from "/Users/stuart/Development Projects/Atlas_reports/dataconnect": could not find dataconnect.yaml in `/Users/stuart/Development Projects/Atlas_reports/dataconnect`
 {"metadata":{"emulator":{"name":"dataconnect"},"message":"E1224 06:24:21.673425   51690 watch.go:40] Failed to load config from \"/Users/stuart/Development Projects/Atlas_reports/dataconnect\": could not find dataconnect.yaml in `/Users/stuart/Development Projects/Atlas_reports/dataconnect`\n"}}
[debug] [2025-12-24T11:24:31.674Z] E1224 06:24:31.674282   51690 watch.go:40] Failed to load config from "/Users/stuart/Development Projects/Atlas_reports/dataconnect": could not find dataconnect.yaml in `/Users/stuart/Development Projects/Atlas_reports/dataconnect`
 {"metadata":{"emulator":{"name":"dataconnect"},"message":"E1224 06:24:31.674282   51690 watch.go:40] Failed to load config from \"/Users/stuart/Development Projects/Atlas_reports/dataconnect\": could not find dataconnect.yaml in `/Users/stuart/Development Projects/Atlas_reports/dataconnect`\n"}}
[debug] [2025-12-24T11:24:41.673Z] E1224 06:24:41.673338   51690 watch.go:40] Failed to load config from "/Users/stuart/Development Projects/Atlas_reports/dataconnect": could not find dataconnect.yaml in `/Users/stuart/Development Projects/Atlas_reports/dataconnect`
 {"metadata":{"emulator":{"name":"dataconnect"},"message":"E1224 06:24:41.673338   51690 watch.go:40] Failed to load config from \"/Users/stuart/Development Projects/Atlas_reports/dataconnect\": could not find dataconnect.yaml in `/Users/stuart/Development Projects/Atlas_reports/dataconnect`\n"}}
